------------------------------------------------------------
Timing Analyzer Summary
------------------------------------------------------------

Type  : Slow 1100mV 85C Model Setup 'clk'
Slack : 0.169
TNS   : 0.000

Type  : Slow 1100mV 85C Model Hold 'clk'
Slack : 0.249
TNS   : 0.000

Type  : Slow 1100mV 85C Model Minimum Pulse Width 'clk'
Slack : -0.538
TNS   : -3.082

Type  : Slow 1100mV 0C Model Setup 'clk'
Slack : 0.175
TNS   : 0.000

Type  : Slow 1100mV 0C Model Hold 'clk'
Slack : 0.235
TNS   : 0.000

Type  : Slow 1100mV 0C Model Minimum Pulse Width 'clk'
Slack : -0.538
TNS   : -3.176

Type  : Fast 1100mV 85C Model Setup 'clk'
Slack : 0.565
TNS   : 0.000

Type  : Fast 1100mV 85C Model Hold 'clk'
Slack : 0.127
TNS   : 0.000

Type  : Fast 1100mV 85C Model Minimum Pulse Width 'clk'
Slack : -0.086
TNS   : -0.338

Type  : Fast 1100mV 0C Model Setup 'clk'
Slack : 0.587
TNS   : 0.000

Type  : Fast 1100mV 0C Model Hold 'clk'
Slack : 0.115
TNS   : 0.000

Type  : Fast 1100mV 0C Model Minimum Pulse Width 'clk'
Slack : -0.090
TNS   : -0.354

------------------------------------------------------------
